cluster:
  name: kubernetes

  # Kubernetes cluster version (supported minor version "v1.10.x").
  version: v1.10.11

  # Set to true if the nodes have the required packages installed.
  disable_package_installation: false

  # Set to true if you are performing a disconnected installation.
  disconnected_installation: false

  # Networking configuration of your cluster.
  networking:

    # Kubernetes will assign pods IPs in this range. Do not use a range that is
    # already in use on your local network!
    pod_cidr_block: 172.16.0.0/16

    # Kubernetes will assign services IPs in this range. Do not use a range
    # that is already in use by your local network or pod network!
    service_cidr_block: 172.20.0.0/16

    # Set to true if your nodes cannot resolve each others' names using DNS.
    update_hosts_files: false

    # Set the proxy server to use for HTTP connections.
    http_proxy: ""

    # Set the proxy server to use for HTTPs connections.
    https_proxy: ""

    # List of host names and/or IPs that shouldn't go through any proxy.
    # All nodes' 'host' and 'IPs' are always set.
    no_proxy: ""

  # Generated certs configuration.
  certificates:

    # Self-signed certificate expiration period in hours; default is 2 years.
    expiry: 17520h

    # CA certificate expiration period in hours; default is 2 years.
    ca_expiry: 17520h

    # Optional extra Subject Alternative Names (SANs) to use for the API Server serving certificate.
    # Can be both IP addresses and DNS names.
    apiserver_cert_extra_sans: ""

  # SSH configuration for cluster nodes.
  ssh:

    # This user must be able to sudo without password.
    user: kismaticuser

    # Absolute path to the ssh private key we should use to manage nodes.
    ssh_key: kismaticuser.key
    ssh_port: 22

  # Override configuration of Kubernetes components.
  kube_apiserver:
    option_overrides: {}

  kube_controller_manager:
    option_overrides: {}

  kube_scheduler:
    option_overrides: {}

  kube_proxy:
    option_overrides: {}

  kubelet:
    option_overrides: {}

  # Kubernetes cloud provider integration.
  cloud_provider:

    # Options: 'aws','azure','cloudstack','fake','gce','mesos','openstack',
    # 'ovirt','photon','rackspace','vsphere'.
    # Leave empty for bare metal setups or other unsupported providers.
    provider: ""

    # Path to the config file, leave empty if provider does not require it.
    config: ""

# Docker daemon configuration of all cluster nodes.
docker:

  # Set to true if docker is already installed and configured.
  disable: false
  logs:
    driver: json-file
    opts:
      max-file: "1"
      max-size: 50m

  storage:

    # Leave empty to have docker automatically select the driver.
    driver: ""
    opts: {}

    # Used for setting up Device Mapper storage driver in direct-lvm mode.
    direct_lvm_block_device:

      # Absolute path to the block device that will be used for direct-lvm mode.
      # This device will be wiped and used exclusively by docker.
      path: ""
      thinpool_percent: "95"
      thinpool_metapercent: "1"
      thinpool_autoextend_threshold: "80"
      thinpool_autoextend_percent: "20"

# If you want to use an internal registry for the installation or upgrade, you
# must provide its information here. You must seed this registry before the
# installation or upgrade of your cluster. This registry must be accessible from
# all nodes on the cluster.
docker_registry:

  # IP or hostname and port for your registry.
  server: ""

  # Absolute path to the certificate authority that should be trusted when
  # connecting to your registry.
  CA: ""

  # Leave blank for unauthenticated access.
  username: ""

  # Leave blank for unauthenticated access.
  password: ""

# A set of files or directories to copy from the local machine to any of the nodes in the cluster.
additional_files:
- hosts: []
  source: ""
  destination: ""
  skip_validation: false

# Add-ons are additional components that KET installs on the cluster.
add_ons:
  cni:
    disable: false

    # Selecting 'custom' will result in a CNI ready cluster, however it is up to
    # you to configure a plugin after the install.
    # Options: 'calico','weave','contiv','custom'.
    provider: calico
    options:
      portmap:
        disable: false

      calico:

        # Options: 'overlay','routed'.
        mode: overlay

        # Options: 'warning','info','debug'.
        log_level: info

        # MTU for the workload interface, configures the CNI config.
        workload_mtu: 1500

        # MTU for the tunnel device used if IPIP is enabled.
        felix_input_mtu: 1440

        # Used to detect the IPv4 address of the host.
        ip_autodetection_method: first-found

      weave:

        # Used by Weave for network traffic encryption.
        # Should be reasonably strong, with at least 50 bits of entropy.
        password: ""

  dns:
    disable: false

    # Options: 'kubedns','coredns'.
    provider: kubedns
    options:
      replicas: 2

  heapster:
    disable: false
    options:
      heapster:
        replicas: 2

        # Specify kubernetes ServiceType. Defaults to 'ClusterIP'.
        # Options: 'ClusterIP','NodePort','LoadBalancer','ExternalName'.
        service_type: ClusterIP

        # Specify the sink to store heapster data. Defaults to an influxdb pod
        # running on the cluster.
        sink: influxdb:http://heapster-influxdb.kube-system.svc:8086

      influxdb:

        # Provide the name of the persistent volume claim that you will create
        # after installation. If not specified, the data will be stored in
        # ephemeral storage.
        pvc_name: ""

  # Metrics Server is a cluster-wide aggregator of resource usage data.
  metrics_server:
    disable: false

  dashboard:
    disable: false
    options:
      service_type: ClusterIP
      node_port: ""

  package_manager:
    disable: false

    # Options: 'helm'.
    provider: helm
    options:
      helm:
        namespace: kube-system

  # The rescheduler ensures that critical add-ons remain running on the cluster.
  rescheduler:
    disable: false

# Etcd nodes are the ones that run the etcd distributed key-value database.
etcd:
  expected_count: 3

  # Provide the hostname and IP of each node. If the node has an IP for internal
  # traffic, provide it in the internalip field. Otherwise, that field can be
  # left blank.
  nodes:
  - host: ""
    ip: ""
    internalip: ""

  - host: ""
    ip: ""
    internalip: ""

  - host: ""
    ip: ""
    internalip: ""

# Master nodes are the ones that run the Kubernetes control plane components.
master:

  # If you have set up load balancing for master nodes, enter the IP or DNS and Port.
  # Otherwise, use the IP address of a single master node and port '6443'.
  load_balancer: ""
  expected_count: 2
  nodes:
  - host: ""
    ip: ""
    internalip: ""
    labels: {}
    taints: []

  - host: ""
    ip: ""
    internalip: ""
    labels: {}
    taints: []

# Worker nodes are the ones that will run your workloads on the cluster.
worker:
  expected_count: 3
  nodes:
  - host: ""
    ip: ""
    internalip: ""
    labels: {}
    taints: []

  - host: ""
    ip: ""
    internalip: ""
    labels: {}
    taints: []

  - host: ""
    ip: ""
    internalip: ""
    labels: {}
    taints: []

# Ingress nodes will run the ingress controllers.
ingress:
  expected_count: 2
  nodes:
  - host: ""
    ip: ""
    internalip: ""
    labels: {}
    taints: []

  - host: ""
    ip: ""
    internalip: ""
    labels: {}
    taints: []

# Storage nodes will be used to create a distributed storage cluster that can
# be consumed by your workloads.
storage:
  expected_count: 0
  nodes: []
